diot@DIOT-PC1:~$ ls
Desktop    protonvpn-stable-release_1.0.6_all.deb    STM32CubeIDE
Documents  protonvpn-stable-release_1.0.6_all.deb.1  STM32CubeMonitor
Downloads  protonvpn-stable-release_1.0.6_all.deb.2  Templates
linux      Public                                    THEORY_DEMOS
Music      snap                                      Videos
Pictures   STM32Cube
diot@DIOT-PC1:~$ git clone git@github.com:sanjanaw17/Cloud_Computing.git

Command 'git' not found, but can be installed with:

sudo apt install git

diot@DIOT-PC1:~$ sudo apt install git
[sudo] password for diot: 
Reading package lists... Done
Building dependency tree       
Reading state information... Done
The following additional packages will be installed:
  git-man liberror-perl
Suggested packages:
  git-daemon-run | git-daemon-sysvinit git-doc git-el git-email git-gui gitk
  gitweb git-cvs git-mediawiki git-svn
The following NEW packages will be installed:
  git git-man liberror-perl
0 upgraded, 3 newly installed, 0 to remove and 570 not upgraded.
Need to get 5,525 kB of archives.
After this operation, 38.8 MB of additional disk space will be used.
Do you want to continue? [Y/n] y
Get:1 http://in.archive.ubuntu.com/ubuntu focal/main amd64 liberror-perl all 0.17029-1 [26.5 kB]
Get:2 http://in.archive.ubuntu.com/ubuntu focal-updates/main amd64 git-man all 1:2.25.1-1ubuntu3.13 [887 kB]
Get:3 http://in.archive.ubuntu.com/ubuntu focal-updates/main amd64 git amd64 1:2.25.1-1ubuntu3.13 [4,612 kB]
Fetched 5,525 kB in 3s (2,039 kB/s)
Selecting previously unselected package liberror-perl.
(Reading database ... 231805 files and directories currently installed.)
Preparing to unpack .../liberror-perl_0.17029-1_all.deb ...
Unpacking liberror-perl (0.17029-1) ...
Selecting previously unselected package git-man.
Preparing to unpack .../git-man_1%3a2.25.1-1ubuntu3.13_all.deb ...
Unpacking git-man (1:2.25.1-1ubuntu3.13) ...
Selecting previously unselected package git.
Preparing to unpack .../git_1%3a2.25.1-1ubuntu3.13_amd64.deb ...
Unpacking git (1:2.25.1-1ubuntu3.13) ...
Setting up liberror-perl (0.17029-1) ...
Setting up git-man (1:2.25.1-1ubuntu3.13) ...
Setting up git (1:2.25.1-1ubuntu3.13) ...
Processing triggers for man-db (2.9.1-1) ...
diot@DIOT-PC1:~$ git clone git@github.com:sanjanaw17/Cloud_Computing.git
Cloning into 'Cloud_Computing'...
ssh: connect to host github.com port 22: Connection timed out
fatal: Could not read from remote repository.

Please make sure you have the correct access rights
and the repository exists.
diot@DIOT-PC1:~$ git clone git@github.com:sanjanaw17/Cloud_Computing.git
Cloning into 'Cloud_Computing'...
^C
diot@DIOT-PC1:~$ git clone https://github.com/sanjanaw17/Cloud_Computing.git
Cloning into 'Cloud_Computing'...
remote: Enumerating objects: 4, done.
remote: Counting objects: 100% (4/4), done.
remote: Compressing objects: 100% (3/3), done.
remote: Total 4 (delta 0), reused 0 (delta 0), pack-reused 0 (from 0)
Unpacking objects: 100% (4/4), 4.77 KiB | 4.77 MiB/s, done.
diot@DIOT-PC1:~$ ifconfig
eno1: flags=4163<UP,BROADCAST,RUNNING,MULTICAST>  mtu 1500
        inet 192.168.77.66  netmask 255.255.255.0  broadcast 192.168.77.255
        inet6 fe80::512b:aae0:8997:f63f  prefixlen 64  scopeid 0x20<link>
        ether 84:a9:3e:8a:7d:5c  txqueuelen 1000  (Ethernet)
        RX packets 40916  bytes 38486596 (38.4 MB)
        RX errors 0  dropped 0  overruns 0  frame 0
        TX packets 26366  bytes 13155877 (13.1 MB)
        TX errors 0  dropped 0 overruns 0  carrier 0  collisions 0
        device interrupt 16  memory 0xf1100000-f1120000  

lo: flags=73<UP,LOOPBACK,RUNNING>  mtu 65536
        inet 127.0.0.1  netmask 255.0.0.0
        inet6 ::1  prefixlen 128  scopeid 0x10<host>
        loop  txqueuelen 1000  (Local Loopback)
        RX packets 2630  bytes 284957 (284.9 KB)
        RX errors 0  dropped 0  overruns 0  frame 0
        TX packets 2630  bytes 284957 (284.9 KB)
        TX errors 0  dropped 0 overruns 0  carrier 0  collisions 0

wlp0s20f3: flags=4099<UP,BROADCAST,MULTICAST>  mtu 1500
        ether c8:b2:9b:70:99:05  txqueuelen 1000  (Ethernet)
        RX packets 0  bytes 0 (0.0 B)
        RX errors 0  dropped 0  overruns 0  frame 0
        TX packets 0  bytes 0 (0.0 B)
        TX errors 0  dropped 0 overruns 0  carrier 0  collisions 0

diot@DIOT-PC1:~$ ls
Cloud_Computing  Pictures                                  STM32Cube
Desktop          protonvpn-stable-release_1.0.6_all.deb    STM32CubeIDE
Documents        protonvpn-stable-release_1.0.6_all.deb.1  STM32CubeMonitor
Downloads        protonvpn-stable-release_1.0.6_all.deb.2  Templates
linux            Public                                    THEORY_DEMOS
Music            snap                                      Videos
diot@DIOT-PC1:~$ cd Cloud_Computing/
diot@DIOT-PC1:~/Cloud_Computing$ ls
LICENSE  README.md
diot@DIOT-PC1:~/Cloud_Computing$ git status
On branch main
Your branch is up to date with 'origin/main'.

nothing to commit, working tree clean
diot@DIOT-PC1:~/Cloud_Computing$ git log
commit d8fbf05edf561ccb4d95fb36eb393d17802995ee (HEAD -> main, origin/main, origin/HEAD)
Author: sanjanaw17 <145447557+sanjanaw17@users.noreply.github.com>
Date:   Mon Nov 18 08:18:02 2024 +0530

    Initial commit
diot@DIOT-PC1:~/Cloud_Computing$ ls
LICENSE  README.md
diot@DIOT-PC1:~/Cloud_Computing$ nano helloworld.py
diot@DIOT-PC1:~/Cloud_Computing$ python3 helloworld.py
hello from git 
diot@DIOT-PC1:~/Cloud_Computing$ git log
commit d8fbf05edf561ccb4d95fb36eb393d17802995ee (HEAD -> main, origin/main, origin/HEAD)
Author: sanjanaw17 <145447557+sanjanaw17@users.noreply.github.com>
Date:   Mon Nov 18 08:18:02 2024 +0530

    Initial commit
diot@DIOT-PC1:~/Cloud_Computing$ git status
On branch main
Your branch is up to date with 'origin/main'.

Untracked files:
  (use "git add <file>..." to include in what will be committed)
	helloworld.py

nothing added to commit but untracked files present (use "git add" to track)
diot@DIOT-PC1:~/Cloud_Computing$ git add helloworld.py
diot@DIOT-PC1:~/Cloud_Computing$ git status
On branch main
Your branch is up to date with 'origin/main'.

Changes to be committed:
  (use "git restore --staged <file>..." to unstage)
	new file:   helloworld.py

diot@DIOT-PC1:~/Cloud_Computing$ ls -al
total 32
drwxrwxr-x  3 diot diot  4096 Nov 18 08:58 .
drwxr-xr-x 32 diot diot  4096 Nov 18 08:27 ..
drwxrwxr-x  8 diot diot  4096 Nov 18 09:04 .git
-rw-rw-r--  1 diot diot    25 Nov 18 08:58 helloworld.py
-rw-rw-r--  1 diot diot 11357 Nov 18 08:27 LICENSE
-rw-rw-r--  1 diot diot    41 Nov 18 08:27 README.md
diot@DIOT-PC1:~/Cloud_Computing$ git commit -m "Added the basic print statement"
 
*** Please tell me who you are.

Run

  git config --global user.email "you@example.com"
  git config --global user.name "Your Name"

to set your account's default identity.
Omit --global to set the identity only in this repository.

fatal: unable to auto-detect email address (got 'diot@DIOT-PC1.(none)')
diot@DIOT-PC1:~/Cloud_Computing$ git config --global user.email wankhedesanjana4@gmail.com
diot@DIOT-PC1:~/Cloud_Computing$ git config --global user.name sanajnaw17
diot@DIOT-PC1:~/Cloud_Computing$ git commit -m "Added the basic print statement"
[main 0322be0] Added the basic print statement
 1 file changed, 1 insertion(+)
 create mode 100644 helloworld.py
diot@DIOT-PC1:~/Cloud_Computing$ git config --list
user.email=wankhedesanjana4@gmail.com
user.name=sanajnaw17
core.repositoryformatversion=0
core.filemode=true
core.bare=false
core.logallrefupdates=true
remote.origin.url=https://github.com/sanjanaw17/Cloud_Computing.git
remote.origin.fetch=+refs/heads/*:refs/remotes/origin/*
branch.main.remote=origin
branch.main.merge=refs/heads/main
diot@DIOT-PC1:~/Cloud_Computing$ git push origin main
Username for 'https://github.com': sanjanaw17
Password for 'https://sanjanaw17@github.com': 
remote: Support for password authentication was removed on August 13, 2021.
remote: Please see https://docs.github.com/get-started/getting-started-with-git/about-remote-repositories#cloning-with-https-urls for information on currently recommended modes of authentication.
fatal: Authentication failed for 'https://github.com/sanjanaw17/Cloud_Computing.git/'
diot@DIOT-PC1:~/Cloud_Computing$ git push origin main
Username for 'https://github.com': sanjanaw17
Password for 'https://sanjanaw17@github.com': 
Enumerating objects: 4, done.
Counting objects: 100% (4/4), done.
Delta compression using up to 12 threads
Compressing objects: 100% (2/2), done.
Writing objects: 100% (3/3), 353 bytes | 353.00 KiB/s, done.
Total 3 (delta 0), reused 0 (delta 0)
To https://github.com/sanjanaw17/Cloud_Computing.git
   d8fbf05..0322be0  main -> main
diot@DIOT-PC1:~/Cloud_Computing$ nano helloworld.py
diot@DIOT-PC1:~/Cloud_Computing$ python3 helloworld.py
hello from git 
sanjana aayushi
Learning git
diot@DIOT-PC1:~/Cloud_Computing$ git push origin main
Username for 'https://github.com': san^C
diot@DIOT-PC1:~/Cloud_Computing$ git status
On branch main
Your branch is up to date with 'origin/main'.

Changes not staged for commit:
  (use "git add <file>..." to update what will be committed)
  (use "git restore <file>..." to discard changes in working directory)
	modified:   helloworld.py

no changes added to commit (use "git add" and/or "git commit -a")
diot@DIOT-PC1:~/Cloud_Computing$ git add helloworld.py
diot@DIOT-PC1:~/Cloud_Computing$ git status
On branch main
Your branch is up to date with 'origin/main'.

Changes to be committed:
  (use "git restore --staged <file>..." to unstage)
	modified:   helloworld.py

diot@DIOT-PC1:~/Cloud_Computing$ git commit -m "added two lines"
[main 853c287] added two lines
 1 file changed, 2 insertions(+)
diot@DIOT-PC1:~/Cloud_Computing$ git push origin main
Username for 'https://github.com': sanjanaw17
Password for 'https://sanjanaw17@github.com': 
remote: Support for password authentication was removed on August 13, 2021.
remote: Please see https://docs.github.com/get-started/getting-started-with-git/about-remote-repositories#cloning-with-https-urls for information on currently recommended modes of authentication.
fatal: Authentication failed for 'https://github.com/sanjanaw17/Cloud_Computing.git/'
diot@DIOT-PC1:~/Cloud_Computing$ git push origin main
Username for 'https://github.com': sanjanaw17
Password for 'https://sanjanaw17@github.com': 
Enumerating objects: 5, done.
Counting objects: 100% (5/5), done.
Delta compression using up to 12 threads
Compressing objects: 100% (3/3), done.
Writing objects: 100% (3/3), 312 bytes | 312.00 KiB/s, done.
Total 3 (delta 1), reused 0 (delta 0)
remote: Resolving deltas: 100% (1/1), completed with 1 local object.
To https://github.com/sanjanaw17/Cloud_Computing.git
   0322be0..853c287  main -> main
diot@DIOT-PC1:~/Cloud_Computing$ 

